Running tests ...
[1A[KRunning 99 tests in 1 runtime ...
[1A[K[1m[32mRunning 99 tests in 1 runtime ... 62% done[0m
[1A[K[1m[32mRunning 99 tests in 1 runtime ... 62% done[0m
[1A[K[1m[32mRunning 99 tests in 1 runtime ... 62% done[0m
[1A[K[1m[32mRunning 99 tests in 1 runtime ... 62% done[0m
[1A[K[1m[32mRunning 99 tests in 1 runtime ... 62% done[0m
[1A[K[1m[32mRunning 99 tests in 1 runtime ... 62% done[0m
[1A[K[1m[32mRunning 99 tests in 1 runtime ... 62% done[0m
[1A[K[1m[32mRunning 99 tests in 1 runtime ... 62% done[0m
[1A[K[1m[32mRunning 99 tests in 1 runtime ... 62% done[0m
[1A[K[1m[32mRunning 99 tests in 1 runtime ... 62% done[0m
[1A[K[1m[32mRunning 99 tests in 1 runtime ... 62% done[0m
[1A[K[1m[32mRunning 99 tests in 1 runtime ... 62% done[0m
[1A[K[1m[32mRunning 99 tests in 1 runtime ... 62% done[0m
[1A[K[1m[32mRunning 99 tests in 1 runtime ... 62% done[0m
[1A[K[1m[32mRunning 99 tests in 1 runtime ... 62% done[0m
[1A[K[1m[32mRunning 99 tests in 1 runtime ... 62% done[0m
[1A[K[1m[32mRunning 99 tests in 1 runtime ... 62% done[0m
[1A[K[1m[32mRunning 99 tests in 1 runtime ... 62% done[0m
[1A[K[1m[32mRunning 99 tests in 1 runtime ... 62% done[0m
[1A[K[1m[32mRunning 99 tests in 1 runtime ... 62% done[0m
[1A[K[1m[32mRunning 99 tests in 1 runtime ... 62% done[0m
[1A[K[1m[32mRunning 99 tests in 1 runtime ... 62% done[0m
[1A[K[1m[32mRunning 99 tests in 1 runtime ... 62% done[0m
[1A[K[1m[32mRunning 99 tests in 1 runtime ... 62% done[0m
[1A[K[1m[32mRunning 99 tests in 1 runtime ... 62% done[0m
[1A[K[1m[32mRunning 99 tests in 1 runtime ... 62% done[0m
[1A[K[1m[32mRunning 99 tests in 1 runtime ... 62% done[0m
[1A[K[1m[32mRunning 99 tests in 1 runtime ... 62% done[0m
[1A[K[1m[32mRunning 99 tests in 1 runtime ... 62% done[0m
[1A[K[1m[32mRunning 99 tests in 1 runtime ... 62% done[0m
[1A[K[1m[32mRunning 99 tests in 1 runtime ... 62% done[0m
[1A[K[1m[32mRunning 99 tests in 1 runtime ... 62% done[0m
[1A[K[1m[32mRunning 99 tests in 1 runtime ... 62% done[0m
[1A[K[1m[32mRunning 99 tests in 1 runtime ... 62% done[0m
[1A[K[1m[32mRunning 99 tests in 1 runtime ... 62% done[0m
[1A[K[1m[32mRunning 99 tests in 1 runtime ... 62% done[0m
[1A[K[1m[32mRunning 99 tests in 1 runtime ... 62% done[0m
[1A[K[1m[32mRunning 99 tests in 1 runtime ... 62% done[0m
[1A[K[1m[32mRunning 99 tests in 1 runtime ... 62% done[0m
[1A[K[1m[32mRunning 99 tests in 1 runtime ... 62% done[0m
[1A[K[1m[32mRunning 99 tests in 1 runtime ... 62% done[0m
[1A[K[1m[32mRunning 99 tests in 1 runtime ... 62% done[0m
[1A[K[1m[32mRunning 99 tests in 1 runtime ... 62% done[0m
[1A[K[1m[32mRunning 99 tests in 1 runtime ... 62% done[0m
[1A[K[1m[32mRunning 99 tests in 1 runtime ... 62% done[0m
[1A[K[1m[32mRunning 99 tests in 1 runtime ... 62% done[0m
[1A[K[1m[32m99 tests, 428 assertions, 1 runtime ... OK[0m
